main.cpp:89:_ZNK3cgx9parameter9parameterIiE7to_charEPcm	48	static
main.cpp:89:_ZTv0_n48_NK3cgx9parameter9parameterIiE7to_charEPcm	32	static
main.cpp:94:_ZNK3cgx9parameter9parameterIfE7to_charEPcm	48	static
main.cpp:94:_ZTv0_n48_NK3cgx9parameter9parameterIfE7to_charEPcm	32	static
main.cpp:99:_ZNK3cgx9parameter9parameterIbE7to_charEPcm	48	static
main.cpp:99:_ZTv0_n48_NK3cgx9parameter9parameterIbE7to_charEPcm	32	static
main.cpp:14:_Z14custom_printerPKc	32	static
main.cpp:786:_ZNSt3__1lsB8ne180100INS_11char_traitsIcEEEERNS_13basic_ostreamIcT_EES6_PKc	48	static
main.cpp:241:_ZNSt3__113basic_ostreamIcNS_11char_traitsIcEEElsB8ne180100EPFRS3_S4_E	32	static
main.cpp:891:_ZNSt3__14endlB8ne180100IcNS_11char_traitsIcEEEERNS_13basic_ostreamIT_T0_EES7_	32	static
main.cpp:18:main	1760	static
main.cpp:249:_ZN3cgx9parameter21unique_parameter_listC1Ev	32	static
main.cpp:293:_ZN3cgx10make_paramILj0EiEERDaRNS_9parameter21unique_parameter_listERKT0_	32	static
main.cpp:293:_ZN3cgx10make_paramILj1EbEERDaRNS_9parameter21unique_parameter_listERKT0_	32	static
main.cpp:293:_ZN3cgx10make_paramILj2E11custom_typeEERDaRNS_9parameter21unique_parameter_listERKT0_	32	static
main.cpp:293:_ZN3cgx10make_paramILj3ENSt3__15arrayIiLm3EEEEERDaRNS_9parameter21unique_parameter_listERKT0_	32	static
main.cpp:293:_ZN3cgx10make_paramILj4ENSt3__15arrayI11custom_typeLm20EEEEERDaRNS_9parameter21unique_parameter_listERKT0_	32	static
main.cpp:252:_ZNK3cgx9parameter21unique_parameter_list5printILm1024ERFvPKcEEEvOT0_	1120	static
main.cpp:61:_ZN3cgx9parameter9parameterIiEaSERKi	48	static
main.cpp:61:_ZN3cgx9parameter9parameterIbEaSERKb	48	static
main.cpp:61:_ZN3cgx9parameter9parameterI11custom_typeEaSERKS2_	48	static
main.cpp:272:_ZN3cgx9parameter21unique_parameter_list5resetEv	64	static
main.cpp:249:_ZN3cgx9parameter21unique_parameter_listD1Ev	32	static
main.cpp:249:_ZN3cgx9parameter21unique_parameter_listC2Ev	32	static
main.cpp:168:_ZNSt3__15arrayINS_10unique_ptrIN3cgx9parameter18unique_parameter_iENS_14default_deleteIS4_EEEELm32EEC1Ev	32	static
main.cpp:168:_ZNSt3__15arrayINS_10unique_ptrIN3cgx9parameter18unique_parameter_iENS_14default_deleteIS4_EEEELm32EEC2Ev	64	static
main.cpp:167:_ZNSt3__110unique_ptrIN3cgx9parameter18unique_parameter_iENS_14default_deleteIS3_EEEC1B8ne180100ILb1EvEEv	32	static
main.cpp:167:_ZNSt3__110unique_ptrIN3cgx9parameter18unique_parameter_iENS_14default_deleteIS3_EEEC2B8ne180100ILb1EvEEv	48	static
main.cpp:118:_ZNSt3__117__compressed_pairIPN3cgx9parameter18unique_parameter_iENS_14default_deleteIS3_EEEC1B8ne180100INS_16__value_init_tagES9_EEOT_OT0_	48	static
main.cpp:__clang_call_terminate	16	static
main.cpp:118:_ZNSt3__117__compressed_pairIPN3cgx9parameter18unique_parameter_iENS_14default_deleteIS3_EEEC2B8ne180100INS_16__value_init_tagES9_EEOT_OT0_	64	static
main.cpp:50:_ZNSt3__122__compressed_pair_elemIPN3cgx9parameter18unique_parameter_iELi0ELb0EEC2B8ne180100ENS_16__value_init_tagE	16	static
main.cpp:79:_ZNSt3__122__compressed_pair_elemINS_14default_deleteIN3cgx9parameter18unique_parameter_iEEELi1ELb1EEC2B8ne180100ENS_16__value_init_tagE	16	static
main.cpp:263:_ZN3cgx9parameter21unique_parameter_list3addILj0EiEERDaRKT0_	64	static
main.cpp:596:_ZNSt3__111make_uniqueB8ne180100IN3cgx9parameter16unique_parameterIiLj0EEEJRKiEEENS_11__unique_ifIT_E15__unique_singleEDpOT0_	64	static
main.cpp:233:_ZNSt3__15arrayINS_10unique_ptrIN3cgx9parameter18unique_parameter_iENS_14default_deleteIS4_EEEELm32EEixB8ne180100Em	16	static
main.cpp:216:_ZNSt3__110unique_ptrIN3cgx9parameter18unique_parameter_iENS_14default_deleteIS3_EEEaSB8ne180100INS2_16unique_parameterIiLj0EEENS4_IS9_EEvvEERS6_ONS0_IT_T0_EE	48	static
main.cpp:236:_ZNSt3__110unique_ptrIN3cgx9parameter16unique_parameterIiLj0EEENS_14default_deleteIS4_EEED1B8ne180100Ev	32	static
main.cpp:247:_ZNKSt3__110unique_ptrIN3cgx9parameter18unique_parameter_iENS_14default_deleteIS3_EEE3getB8ne180100Ev	32	static
main.cpp:214:_ZN3cgx9parameter16unique_parameterIiLj0EEC1ERKi	64	static
main.cpp:174:_ZNSt3__110unique_ptrIN3cgx9parameter16unique_parameterIiLj0EEENS_14default_deleteIS4_EEEC1B8ne180100ILb1EvEEPS4_	48	static
main.cpp:11:_ZN3cgx9parameter11parameter_iC2Ev	32	static
main.cpp:204:_ZN3cgx9parameter18unique_parameter_iC2Ev	16	static
main.cpp:32:_ZN3cgx9parameter9parameterIiEC2ERKi	32	static
main.cpp:206:_ZN3cgx9parameter18unique_parameter_iD2Ev	16	static
main.cpp:13:_ZN3cgx9parameter11parameter_iD2Ev	32	static
main.cpp:206:_ZN3cgx9parameter18unique_parameter_iD1Ev	16	static
main.cpp:206:_ZN3cgx9parameter18unique_parameter_iD0Ev	16	static
main.cpp:206:_ZTv0_n24_N3cgx9parameter18unique_parameter_iD1Ev	16	static
main.cpp:206:_ZTv0_n24_N3cgx9parameter18unique_parameter_iD0Ev	16	static
main.cpp:20:_ZN3cgx9parameter11parameter_i10on_changedENSt3__18functionIFvvEEE	32	static
main.cpp:35:_ZN3cgx9parameter9parameterIiED1Ev	32	static
main.cpp:35:_ZN3cgx9parameter9parameterIiED0Ev	32	static
main.cpp:37:_ZN3cgx9parameter9parameterIiE9set_bytesEPKhm	64	static
main.cpp:45:_ZNK3cgx9parameter9parameterIiE9get_bytesEPhm	48	static
main.cpp:78:_ZN3cgx9parameter9parameterIiE5resetEv	32	static
main.cpp:35:_ZTv0_n24_N3cgx9parameter9parameterIiED1Ev	16	static
main.cpp:35:_ZTv0_n24_N3cgx9parameter9parameterIiED0Ev	16	static
main.cpp:37:_ZTv0_n32_N3cgx9parameter9parameterIiE9set_bytesEPKhm	32	static
main.cpp:45:_ZTv0_n40_NK3cgx9parameter9parameterIiE9get_bytesEPhm	32	static
main.cpp:78:_ZTv0_n56_N3cgx9parameter9parameterIiE5resetEv	16	static
main.cpp:216:_ZN3cgx9parameter16unique_parameterIiLj0EED1Ev	32	static
main.cpp:216:_ZN3cgx9parameter16unique_parameterIiLj0EED0Ev	32	static
main.cpp:223:_ZNK3cgx9parameter16unique_parameterIiLj0EE3uidEv	16	static
main.cpp:227:_ZNK3cgx9parameter16unique_parameterIiLj0EE7to_charEPcm	96	static
main.cpp:216:_ZThn8_N3cgx9parameter16unique_parameterIiLj0EED1Ev	16	static
main.cpp:216:_ZThn8_N3cgx9parameter16unique_parameterIiLj0EED0Ev	16	static
main.cpp:227:_ZThn8_NK3cgx9parameter16unique_parameterIiLj0EE7to_charEPcm	32	static
main.cpp:216:_ZTv0_n24_N3cgx9parameter16unique_parameterIiLj0EED1Ev	16	static
main.cpp:216:_ZTv0_n24_N3cgx9parameter16unique_parameterIiLj0EED0Ev	16	static
main.cpp:227:_ZTv0_n48_NK3cgx9parameter16unique_parameterIiLj0EE7to_charEPcm	32	static
main.cpp:847:_ZNSt3__18functionIFvvEEC1B8ne180100Ev	32	static
main.cpp:13:_ZN3cgx9parameter11parameter_iD1Ev	16	static
main.cpp:13:_ZN3cgx9parameter11parameter_iD0Ev	16	static
main.cpp:847:_ZNSt3__18functionIFvvEEC2B8ne180100Ev	32	static
main.cpp:347:_ZNSt3__110__function12__value_funcIFvvEEC1B8ne180100Ev	32	static
main.cpp:347:_ZNSt3__110__function12__value_funcIFvvEEC2B8ne180100Ev	16	static
main.cpp:972:_ZNSt3__18functionIFvvEED1Ev	32	static
main.cpp:972:_ZNSt3__18functionIFvvEED2Ev	32	static
main.cpp:394:_ZNSt3__110__function12__value_funcIFvvEED1B8ne180100Ev	32	static
main.cpp:394:_ZNSt3__110__function12__value_funcIFvvEED2B8ne180100Ev	48	static
main.cpp:947:_ZNSt3__18functionIFvvEEaSERKS2_	96	static
main.cpp:919:_ZNSt3__18functionIFvvEEC1ERKS2_	48	static
main.cpp:975:_ZNSt3__18functionIFvvEE4swapERS2_	32	static
main.cpp:919:_ZNSt3__18functionIFvvEEC2ERKS2_	48	static
main.cpp:372:_ZNSt3__110__function12__value_funcIFvvEEC1B8ne180100ERKS3_	48	static
main.cpp:372:_ZNSt3__110__function12__value_funcIFvvEEC2B8ne180100ERKS3_	48	static
main.cpp:344:_ZNSt3__110__function12__value_funcIFvvEE9__as_baseB8ne180100EPv	16	static
main.cpp:431:_ZNSt3__110__function12__value_funcIFvvEE4swapB8ne180100ERS3_	128	static
main.cpp:40:_ZNSt3__14swapB8ne180100IPNS_10__function6__baseIFvvEEEEENS_9enable_ifIXaasr21is_move_constructibleIT_EE5valuesr18is_move_assignableIS7_EE5valueEvE4typeERS7_SA_	32	static
main.cpp:35:_ZN3cgx9parameter9parameterIiED2Ev	16	static
main.cpp:70:_ZN3cgx9parameter9parameterIiE9set_valueERKi	48	static
main.cpp:886:_ZNKSt3__18functionIFvvEEcvbB8ne180100Ev	32	static
main.cpp:980:_ZNKSt3__18functionIFvvEEclEv	32	static
main.cpp:463:_ZNKSt3__110__function12__value_funcIFvvEEcvbB8ne180100Ev	16	static
main.cpp:425:_ZNKSt3__110__function12__value_funcIFvvEEclB8ne180100Ev	32	static
main.cpp:79:_ZNSt3__125__throw_bad_function_callB8ne180100Ev	32	static
main.cpp:61:_ZNSt3__117bad_function_callC1B8ne180100Ev	32	static
main.cpp:70:_ZNSt3__117bad_function_callD1Ev	32	static
main.cpp:61:_ZNSt3__117bad_function_callC2B8ne180100Ev	32	static
main.cpp:74:_ZNSt9exceptionC2B8ne180100Ev	16	static
main.cpp:70:_ZNSt3__117bad_function_callD0Ev	32	static
main.cpp:70:_ZNSt3__117bad_function_callD2Ev	32	static
main.cpp:216:_ZN3cgx9parameter16unique_parameterIiLj0EED2Ev	48	static
main.cpp:174:_ZNSt3__110unique_ptrIN3cgx9parameter16unique_parameterIiLj0EEENS_14default_deleteIS4_EEEC2B8ne180100ILb1EvEEPS4_	48	static
main.cpp:118:_ZNSt3__117__compressed_pairIPN3cgx9parameter16unique_parameterIiLj0EEENS_14default_deleteIS4_EEEC1B8ne180100IRS5_NS_16__value_init_tagEEEOT_OT0_	48	static
main.cpp:118:_ZNSt3__117__compressed_pairIPN3cgx9parameter16unique_parameterIiLj0EEENS_14default_deleteIS4_EEEC2B8ne180100IRS5_NS_16__value_init_tagEEEOT_OT0_	64	static
main.cpp:53:_ZNSt3__122__compressed_pair_elemIPN3cgx9parameter16unique_parameterIiLj0EEELi0ELb0EEC2B8ne180100IRS5_vEEOT_	16	static
main.cpp:79:_ZNSt3__122__compressed_pair_elemINS_14default_deleteIN3cgx9parameter16unique_parameterIiLj0EEEEELi1ELb1EEC2B8ne180100ENS_16__value_init_tagE	16	static
main.cpp:262:_ZNSt3__110unique_ptrIN3cgx9parameter18unique_parameter_iENS_14default_deleteIS3_EEE5resetB8ne180100EPS3_	64	static
main.cpp:256:_ZNSt3__110unique_ptrIN3cgx9parameter16unique_parameterIiLj0EEENS_14default_deleteIS4_EEE7releaseB8ne180100Ev	48	static
main.cpp:248:_ZNSt3__110unique_ptrIN3cgx9parameter16unique_parameterIiLj0EEENS_14default_deleteIS4_EEE11get_deleterB8ne180100Ev	32	static
main.cpp:61:_ZNSt3__114default_deleteIN3cgx9parameter18unique_parameter_iEEC1B8ne180100INS2_16unique_parameterIiLj0EEELi0EEERKNS0_IT_EE	48	static
main.cpp:137:_ZNSt3__117__compressed_pairIPN3cgx9parameter18unique_parameter_iENS_14default_deleteIS3_EEE6secondB8ne180100Ev	32	static
main.cpp:129:_ZNSt3__117__compressed_pairIPN3cgx9parameter18unique_parameter_iENS_14default_deleteIS3_EEE5firstB8ne180100Ev	32	static
main.cpp:63:_ZNKSt3__114default_deleteIN3cgx9parameter18unique_parameter_iEEclB8ne180100EPS3_	48	static
main.cpp:63:_ZNSt3__122__compressed_pair_elemIPN3cgx9parameter18unique_parameter_iELi0ELb0EE5__getB8ne180100Ev	16	static
main.cpp:129:_ZNSt3__117__compressed_pairIPN3cgx9parameter16unique_parameterIiLj0EEENS_14default_deleteIS4_EEE5firstB8ne180100Ev	32	static
main.cpp:63:_ZNSt3__122__compressed_pair_elemIPN3cgx9parameter16unique_parameterIiLj0EEELi0ELb0EE5__getB8ne180100Ev	16	static
main.cpp:137:_ZNSt3__117__compressed_pairIPN3cgx9parameter16unique_parameterIiLj0EEENS_14default_deleteIS4_EEE6secondB8ne180100Ev	32	static
main.cpp:92:_ZNSt3__122__compressed_pair_elemINS_14default_deleteIN3cgx9parameter16unique_parameterIiLj0EEEEELi1ELb1EE5__getB8ne180100Ev	16	static
main.cpp:61:_ZNSt3__114default_deleteIN3cgx9parameter18unique_parameter_iEEC2B8ne180100INS2_16unique_parameterIiLj0EEELi0EEERKNS0_IT_EE	16	static
main.cpp:92:_ZNSt3__122__compressed_pair_elemINS_14default_deleteIN3cgx9parameter18unique_parameter_iEEELi1ELb1EE5__getB8ne180100Ev	16	static
main.cpp:236:_ZNSt3__110unique_ptrIN3cgx9parameter16unique_parameterIiLj0EEENS_14default_deleteIS4_EEED2B8ne180100Ev	32	static
main.cpp:262:_ZNSt3__110unique_ptrIN3cgx9parameter16unique_parameterIiLj0EEENS_14default_deleteIS4_EEE5resetB8ne180100EPS4_	64	static
main.cpp:63:_ZNKSt3__114default_deleteIN3cgx9parameter16unique_parameterIiLj0EEEEclB8ne180100EPS4_	48	static
main.cpp:133:_ZNKSt3__117__compressed_pairIPN3cgx9parameter18unique_parameter_iENS_14default_deleteIS3_EEE5firstB8ne180100Ev	32	static
main.cpp:64:_ZNKSt3__122__compressed_pair_elemIPN3cgx9parameter18unique_parameter_iELi0ELb0EE5__getB8ne180100Ev	16	static
main.cpp:263:_ZN3cgx9parameter21unique_parameter_list3addILj1EbEERDaRKT0_	64	static
main.cpp:596:_ZNSt3__111make_uniqueB8ne180100IN3cgx9parameter16unique_parameterIbLj1EEEJRKbEEENS_11__unique_ifIT_E15__unique_singleEDpOT0_	64	static
main.cpp:216:_ZNSt3__110unique_ptrIN3cgx9parameter18unique_parameter_iENS_14default_deleteIS3_EEEaSB8ne180100INS2_16unique_parameterIbLj1EEENS4_IS9_EEvvEERS6_ONS0_IT_T0_EE	48	static
main.cpp:236:_ZNSt3__110unique_ptrIN3cgx9parameter16unique_parameterIbLj1EEENS_14default_deleteIS4_EEED1B8ne180100Ev	32	static
main.cpp:214:_ZN3cgx9parameter16unique_parameterIbLj1EEC1ERKb	64	static
main.cpp:174:_ZNSt3__110unique_ptrIN3cgx9parameter16unique_parameterIbLj1EEENS_14default_deleteIS4_EEEC1B8ne180100ILb1EvEEPS4_	48	static
main.cpp:32:_ZN3cgx9parameter9parameterIbEC2ERKb	32	static
main.cpp:35:_ZN3cgx9parameter9parameterIbED1Ev	32	static
main.cpp:35:_ZN3cgx9parameter9parameterIbED0Ev	32	static
main.cpp:37:_ZN3cgx9parameter9parameterIbE9set_bytesEPKhm	64	static
main.cpp:45:_ZNK3cgx9parameter9parameterIbE9get_bytesEPhm	48	static
main.cpp:78:_ZN3cgx9parameter9parameterIbE5resetEv	32	static
main.cpp:35:_ZTv0_n24_N3cgx9parameter9parameterIbED1Ev	16	static
main.cpp:35:_ZTv0_n24_N3cgx9parameter9parameterIbED0Ev	16	static
main.cpp:37:_ZTv0_n32_N3cgx9parameter9parameterIbE9set_bytesEPKhm	32	static
main.cpp:45:_ZTv0_n40_NK3cgx9parameter9parameterIbE9get_bytesEPhm	32	static
main.cpp:78:_ZTv0_n56_N3cgx9parameter9parameterIbE5resetEv	16	static
main.cpp:216:_ZN3cgx9parameter16unique_parameterIbLj1EED1Ev	32	static
main.cpp:216:_ZN3cgx9parameter16unique_parameterIbLj1EED0Ev	32	static
main.cpp:223:_ZNK3cgx9parameter16unique_parameterIbLj1EE3uidEv	16	static
main.cpp:227:_ZNK3cgx9parameter16unique_parameterIbLj1EE7to_charEPcm	96	static
main.cpp:216:_ZThn8_N3cgx9parameter16unique_parameterIbLj1EED1Ev	16	static
main.cpp:216:_ZThn8_N3cgx9parameter16unique_parameterIbLj1EED0Ev	16	static
main.cpp:227:_ZThn8_NK3cgx9parameter16unique_parameterIbLj1EE7to_charEPcm	32	static
main.cpp:216:_ZTv0_n24_N3cgx9parameter16unique_parameterIbLj1EED1Ev	16	static
main.cpp:216:_ZTv0_n24_N3cgx9parameter16unique_parameterIbLj1EED0Ev	16	static
main.cpp:227:_ZTv0_n48_NK3cgx9parameter16unique_parameterIbLj1EE7to_charEPcm	32	static
main.cpp:35:_ZN3cgx9parameter9parameterIbED2Ev	16	static
main.cpp:70:_ZN3cgx9parameter9parameterIbE9set_valueERKb	48	static
main.cpp:216:_ZN3cgx9parameter16unique_parameterIbLj1EED2Ev	48	static
main.cpp:174:_ZNSt3__110unique_ptrIN3cgx9parameter16unique_parameterIbLj1EEENS_14default_deleteIS4_EEEC2B8ne180100ILb1EvEEPS4_	48	static
main.cpp:118:_ZNSt3__117__compressed_pairIPN3cgx9parameter16unique_parameterIbLj1EEENS_14default_deleteIS4_EEEC1B8ne180100IRS5_NS_16__value_init_tagEEEOT_OT0_	48	static
main.cpp:118:_ZNSt3__117__compressed_pairIPN3cgx9parameter16unique_parameterIbLj1EEENS_14default_deleteIS4_EEEC2B8ne180100IRS5_NS_16__value_init_tagEEEOT_OT0_	64	static
main.cpp:53:_ZNSt3__122__compressed_pair_elemIPN3cgx9parameter16unique_parameterIbLj1EEELi0ELb0EEC2B8ne180100IRS5_vEEOT_	16	static
main.cpp:79:_ZNSt3__122__compressed_pair_elemINS_14default_deleteIN3cgx9parameter16unique_parameterIbLj1EEEEELi1ELb1EEC2B8ne180100ENS_16__value_init_tagE	16	static
main.cpp:256:_ZNSt3__110unique_ptrIN3cgx9parameter16unique_parameterIbLj1EEENS_14default_deleteIS4_EEE7releaseB8ne180100Ev	48	static
main.cpp:248:_ZNSt3__110unique_ptrIN3cgx9parameter16unique_parameterIbLj1EEENS_14default_deleteIS4_EEE11get_deleterB8ne180100Ev	32	static
main.cpp:61:_ZNSt3__114default_deleteIN3cgx9parameter18unique_parameter_iEEC1B8ne180100INS2_16unique_parameterIbLj1EEELi0EEERKNS0_IT_EE	48	static
main.cpp:129:_ZNSt3__117__compressed_pairIPN3cgx9parameter16unique_parameterIbLj1EEENS_14default_deleteIS4_EEE5firstB8ne180100Ev	32	static
main.cpp:63:_ZNSt3__122__compressed_pair_elemIPN3cgx9parameter16unique_parameterIbLj1EEELi0ELb0EE5__getB8ne180100Ev	16	static
main.cpp:137:_ZNSt3__117__compressed_pairIPN3cgx9parameter16unique_parameterIbLj1EEENS_14default_deleteIS4_EEE6secondB8ne180100Ev	32	static
main.cpp:92:_ZNSt3__122__compressed_pair_elemINS_14default_deleteIN3cgx9parameter16unique_parameterIbLj1EEEEELi1ELb1EE5__getB8ne180100Ev	16	static
main.cpp:61:_ZNSt3__114default_deleteIN3cgx9parameter18unique_parameter_iEEC2B8ne180100INS2_16unique_parameterIbLj1EEELi0EEERKNS0_IT_EE	16	static
main.cpp:236:_ZNSt3__110unique_ptrIN3cgx9parameter16unique_parameterIbLj1EEENS_14default_deleteIS4_EEED2B8ne180100Ev	32	static
main.cpp:262:_ZNSt3__110unique_ptrIN3cgx9parameter16unique_parameterIbLj1EEENS_14default_deleteIS4_EEE5resetB8ne180100EPS4_	64	static
main.cpp:63:_ZNKSt3__114default_deleteIN3cgx9parameter16unique_parameterIbLj1EEEEclB8ne180100EPS4_	48	static
main.cpp:263:_ZN3cgx9parameter21unique_parameter_list3addILj2E11custom_typeEERDaRKT0_	64	static
main.cpp:596:_ZNSt3__111make_uniqueB8ne180100IN3cgx9parameter16unique_parameterI11custom_typeLj2EEEJRKS4_EEENS_11__unique_ifIT_E15__unique_singleEDpOT0_	64	static
main.cpp:216:_ZNSt3__110unique_ptrIN3cgx9parameter18unique_parameter_iENS_14default_deleteIS3_EEEaSB8ne180100INS2_16unique_parameterI11custom_typeLj2EEENS4_ISA_EEvvEERS6_ONS0_IT_T0_EE	48	static
main.cpp:236:_ZNSt3__110unique_ptrIN3cgx9parameter16unique_parameterI11custom_typeLj2EEENS_14default_deleteIS5_EEED1B8ne180100Ev	32	static
main.cpp:214:_ZN3cgx9parameter16unique_parameterI11custom_typeLj2EEC1ERKS2_	64	static
main.cpp:174:_ZNSt3__110unique_ptrIN3cgx9parameter16unique_parameterI11custom_typeLj2EEENS_14default_deleteIS5_EEEC1B8ne180100ILb1EvEEPS5_	48	static
main.cpp:32:_ZN3cgx9parameter9parameterI11custom_typeEC2ERKS2_	32	static
main.cpp:35:_ZN3cgx9parameter9parameterI11custom_typeED1Ev	32	static
main.cpp:35:_ZN3cgx9parameter9parameterI11custom_typeED0Ev	32	static
main.cpp:37:_ZN3cgx9parameter9parameterI11custom_typeE9set_bytesEPKhm	64	static
main.cpp:45:_ZNK3cgx9parameter9parameterI11custom_typeE9get_bytesEPhm	48	static
main.cpp:53:_ZNK3cgx9parameter9parameterI11custom_typeE7to_charEPcm	48	static
main.cpp:78:_ZN3cgx9parameter9parameterI11custom_typeE5resetEv	32	static
main.cpp:35:_ZTv0_n24_N3cgx9parameter9parameterI11custom_typeED1Ev	16	static
main.cpp:35:_ZTv0_n24_N3cgx9parameter9parameterI11custom_typeED0Ev	16	static
main.cpp:37:_ZTv0_n32_N3cgx9parameter9parameterI11custom_typeE9set_bytesEPKhm	32	static
main.cpp:45:_ZTv0_n40_NK3cgx9parameter9parameterI11custom_typeE9get_bytesEPhm	32	static
main.cpp:53:_ZTv0_n48_NK3cgx9parameter9parameterI11custom_typeE7to_charEPcm	32	static
main.cpp:78:_ZTv0_n56_N3cgx9parameter9parameterI11custom_typeE5resetEv	16	static
main.cpp:216:_ZN3cgx9parameter16unique_parameterI11custom_typeLj2EED1Ev	32	static
main.cpp:216:_ZN3cgx9parameter16unique_parameterI11custom_typeLj2EED0Ev	32	static
main.cpp:223:_ZNK3cgx9parameter16unique_parameterI11custom_typeLj2EE3uidEv	16	static
main.cpp:227:_ZNK3cgx9parameter16unique_parameterI11custom_typeLj2EE7to_charEPcm	128	static
main.cpp:216:_ZThn8_N3cgx9parameter16unique_parameterI11custom_typeLj2EED1Ev	16	static
main.cpp:216:_ZThn8_N3cgx9parameter16unique_parameterI11custom_typeLj2EED0Ev	16	static
main.cpp:227:_ZThn8_NK3cgx9parameter16unique_parameterI11custom_typeLj2EE7to_charEPcm	32	static
main.cpp:216:_ZTv0_n24_N3cgx9parameter16unique_parameterI11custom_typeLj2EED1Ev	16	static
main.cpp:216:_ZTv0_n24_N3cgx9parameter16unique_parameterI11custom_typeLj2EED0Ev	16	static
main.cpp:227:_ZTv0_n48_NK3cgx9parameter16unique_parameterI11custom_typeLj2EE7to_charEPcm	32	static
main.cpp:35:_ZN3cgx9parameter9parameterI11custom_typeED2Ev	16	static
main.cpp:70:_ZN3cgx9parameter9parameterI11custom_typeE9set_valueERKS2_	48	static
main.cpp:9:_ZNK11custom_type7to_charEPcm	64	static
main.cpp:216:_ZN3cgx9parameter16unique_parameterI11custom_typeLj2EED2Ev	48	static
main.cpp:174:_ZNSt3__110unique_ptrIN3cgx9parameter16unique_parameterI11custom_typeLj2EEENS_14default_deleteIS5_EEEC2B8ne180100ILb1EvEEPS5_	48	static
main.cpp:118:_ZNSt3__117__compressed_pairIPN3cgx9parameter16unique_parameterI11custom_typeLj2EEENS_14default_deleteIS5_EEEC1B8ne180100IRS6_NS_16__value_init_tagEEEOT_OT0_	48	static
main.cpp:118:_ZNSt3__117__compressed_pairIPN3cgx9parameter16unique_parameterI11custom_typeLj2EEENS_14default_deleteIS5_EEEC2B8ne180100IRS6_NS_16__value_init_tagEEEOT_OT0_	64	static
main.cpp:53:_ZNSt3__122__compressed_pair_elemIPN3cgx9parameter16unique_parameterI11custom_typeLj2EEELi0ELb0EEC2B8ne180100IRS6_vEEOT_	16	static
main.cpp:79:_ZNSt3__122__compressed_pair_elemINS_14default_deleteIN3cgx9parameter16unique_parameterI11custom_typeLj2EEEEELi1ELb1EEC2B8ne180100ENS_16__value_init_tagE	16	static
main.cpp:256:_ZNSt3__110unique_ptrIN3cgx9parameter16unique_parameterI11custom_typeLj2EEENS_14default_deleteIS5_EEE7releaseB8ne180100Ev	48	static
main.cpp:248:_ZNSt3__110unique_ptrIN3cgx9parameter16unique_parameterI11custom_typeLj2EEENS_14default_deleteIS5_EEE11get_deleterB8ne180100Ev	32	static
main.cpp:61:_ZNSt3__114default_deleteIN3cgx9parameter18unique_parameter_iEEC1B8ne180100INS2_16unique_parameterI11custom_typeLj2EEELi0EEERKNS0_IT_EE	48	static
main.cpp:129:_ZNSt3__117__compressed_pairIPN3cgx9parameter16unique_parameterI11custom_typeLj2EEENS_14default_deleteIS5_EEE5firstB8ne180100Ev	32	static
main.cpp:63:_ZNSt3__122__compressed_pair_elemIPN3cgx9parameter16unique_parameterI11custom_typeLj2EEELi0ELb0EE5__getB8ne180100Ev	16	static
main.cpp:137:_ZNSt3__117__compressed_pairIPN3cgx9parameter16unique_parameterI11custom_typeLj2EEENS_14default_deleteIS5_EEE6secondB8ne180100Ev	32	static
main.cpp:92:_ZNSt3__122__compressed_pair_elemINS_14default_deleteIN3cgx9parameter16unique_parameterI11custom_typeLj2EEEEELi1ELb1EE5__getB8ne180100Ev	16	static
main.cpp:61:_ZNSt3__114default_deleteIN3cgx9parameter18unique_parameter_iEEC2B8ne180100INS2_16unique_parameterI11custom_typeLj2EEELi0EEERKNS0_IT_EE	16	static
main.cpp:236:_ZNSt3__110unique_ptrIN3cgx9parameter16unique_parameterI11custom_typeLj2EEENS_14default_deleteIS5_EEED2B8ne180100Ev	32	static
main.cpp:262:_ZNSt3__110unique_ptrIN3cgx9parameter16unique_parameterI11custom_typeLj2EEENS_14default_deleteIS5_EEE5resetB8ne180100EPS5_	64	static
main.cpp:63:_ZNKSt3__114default_deleteIN3cgx9parameter16unique_parameterI11custom_typeLj2EEEEclB8ne180100EPS5_	48	static
main.cpp:263:_ZN3cgx9parameter21unique_parameter_list3addILj3ENSt3__15arrayIiLm3EEEEERDaRKT0_	64	static
main.cpp:596:_ZNSt3__111make_uniqueB8ne180100IN3cgx9parameter16unique_parameterINS_5arrayIiLm3EEELj3EEEJRKS5_EEENS_11__unique_ifIT_E15__unique_singleEDpOT0_	64	static
main.cpp:216:_ZNSt3__110unique_ptrIN3cgx9parameter18unique_parameter_iENS_14default_deleteIS3_EEEaSB8ne180100INS2_16unique_parameterINS_5arrayIiLm3EEELj3EEENS4_ISB_EEvvEERS6_ONS0_IT_T0_EE	48	static
main.cpp:236:_ZNSt3__110unique_ptrIN3cgx9parameter16unique_parameterINS_5arrayIiLm3EEELj3EEENS_14default_deleteIS6_EEED1B8ne180100Ev	32	static
main.cpp:214:_ZN3cgx9parameter16unique_parameterINSt3__15arrayIiLm3EEELj3EEC1ERKS4_	64	static
main.cpp:174:_ZNSt3__110unique_ptrIN3cgx9parameter16unique_parameterINS_5arrayIiLm3EEELj3EEENS_14default_deleteIS6_EEEC1B8ne180100ILb1EvEEPS6_	48	static
main.cpp:109:_ZN3cgx9parameter9parameterINSt3__15arrayIiLm3EEEEC2ERKS4_	64	static
main.cpp:112:_ZN3cgx9parameter9parameterINSt3__15arrayIiLm3EEEED1Ev	32	static
main.cpp:112:_ZN3cgx9parameter9parameterINSt3__15arrayIiLm3EEEED0Ev	32	static
main.cpp:114:_ZN3cgx9parameter9parameterINSt3__15arrayIiLm3EEEE9set_bytesEPKhm	32	static
main.cpp:124:_ZNK3cgx9parameter9parameterINSt3__15arrayIiLm3EEEE9get_bytesEPhm	32	static
main.cpp:134:_ZNK3cgx9parameter9parameterINSt3__15arrayIiLm3EEEE7to_charEPcm	96	static
main.cpp:194:_ZN3cgx9parameter9parameterINSt3__15arrayIiLm3EEEE5resetEv	32	static
main.cpp:112:_ZTv0_n24_N3cgx9parameter9parameterINSt3__15arrayIiLm3EEEED1Ev	16	static
main.cpp:112:_ZTv0_n24_N3cgx9parameter9parameterINSt3__15arrayIiLm3EEEED0Ev	16	static
main.cpp:114:_ZTv0_n32_N3cgx9parameter9parameterINSt3__15arrayIiLm3EEEE9set_bytesEPKhm	32	static
main.cpp:124:_ZTv0_n40_NK3cgx9parameter9parameterINSt3__15arrayIiLm3EEEE9get_bytesEPhm	32	static
main.cpp:134:_ZTv0_n48_NK3cgx9parameter9parameterINSt3__15arrayIiLm3EEEE7to_charEPcm	32	static
main.cpp:194:_ZTv0_n56_N3cgx9parameter9parameterINSt3__15arrayIiLm3EEEE5resetEv	16	static
main.cpp:216:_ZN3cgx9parameter16unique_parameterINSt3__15arrayIiLm3EEELj3EED1Ev	32	static
main.cpp:216:_ZN3cgx9parameter16unique_parameterINSt3__15arrayIiLm3EEELj3EED0Ev	32	static
main.cpp:223:_ZNK3cgx9parameter16unique_parameterINSt3__15arrayIiLm3EEELj3EE3uidEv	16	static
main.cpp:227:_ZNK3cgx9parameter16unique_parameterINSt3__15arrayIiLm3EEELj3EE7to_charEPcm	128	static
main.cpp:216:_ZThn8_N3cgx9parameter16unique_parameterINSt3__15arrayIiLm3EEELj3EED1Ev	16	static
main.cpp:216:_ZThn8_N3cgx9parameter16unique_parameterINSt3__15arrayIiLm3EEELj3EED0Ev	16	static
main.cpp:227:_ZThn8_NK3cgx9parameter16unique_parameterINSt3__15arrayIiLm3EEELj3EE7to_charEPcm	32	static
main.cpp:216:_ZTv0_n24_N3cgx9parameter16unique_parameterINSt3__15arrayIiLm3EEELj3EED1Ev	16	static
main.cpp:216:_ZTv0_n24_N3cgx9parameter16unique_parameterINSt3__15arrayIiLm3EEELj3EED0Ev	16	static
main.cpp:227:_ZTv0_n48_NK3cgx9parameter16unique_parameterINSt3__15arrayIiLm3EEELj3EE7to_charEPcm	32	static
main.cpp:237:_ZNKSt3__15arrayIiLm3EEixB8ne180100Em	16	static
main.cpp:168:_ZNSt3__15arrayIN3cgx9parameter9parameterIiEELm3EEC1Ev	32	static
main.cpp:168:_ZNSt3__15arrayIN3cgx9parameter9parameterIiEELm3EED1Ev	32	static
main.cpp:168:_ZNSt3__15arrayIN3cgx9parameter9parameterIiEELm3EEC2Ev	64	static
main.cpp:31:_ZN3cgx9parameter9parameterIiEC1Ev	32	static
main.cpp:168:_ZNSt3__15arrayIN3cgx9parameter9parameterIiEELm3EED2Ev	64	static
main.cpp:112:_ZN3cgx9parameter9parameterINSt3__15arrayIiLm3EEEED2Ev	48	static
main.cpp:237:_ZNKSt3__15arrayIN3cgx9parameter9parameterIiEELm3EEixB8ne180100Em	16	static
main.cpp:184:_ZN3cgx9parameter9parameterINSt3__15arrayIiLm3EEEE9set_valueERKi	64	static
main.cpp:233:_ZNSt3__15arrayIN3cgx9parameter9parameterIiEELm3EEixB8ne180100Em	16	static
main.cpp:216:_ZN3cgx9parameter16unique_parameterINSt3__15arrayIiLm3EEELj3EED2Ev	48	static
main.cpp:174:_ZNSt3__110unique_ptrIN3cgx9parameter16unique_parameterINS_5arrayIiLm3EEELj3EEENS_14default_deleteIS6_EEEC2B8ne180100ILb1EvEEPS6_	48	static
main.cpp:118:_ZNSt3__117__compressed_pairIPN3cgx9parameter16unique_parameterINS_5arrayIiLm3EEELj3EEENS_14default_deleteIS6_EEEC1B8ne180100IRS7_NS_16__value_init_tagEEEOT_OT0_	48	static
main.cpp:118:_ZNSt3__117__compressed_pairIPN3cgx9parameter16unique_parameterINS_5arrayIiLm3EEELj3EEENS_14default_deleteIS6_EEEC2B8ne180100IRS7_NS_16__value_init_tagEEEOT_OT0_	64	static
main.cpp:53:_ZNSt3__122__compressed_pair_elemIPN3cgx9parameter16unique_parameterINS_5arrayIiLm3EEELj3EEELi0ELb0EEC2B8ne180100IRS7_vEEOT_	16	static
main.cpp:79:_ZNSt3__122__compressed_pair_elemINS_14default_deleteIN3cgx9parameter16unique_parameterINS_5arrayIiLm3EEELj3EEEEELi1ELb1EEC2B8ne180100ENS_16__value_init_tagE	16	static
main.cpp:256:_ZNSt3__110unique_ptrIN3cgx9parameter16unique_parameterINS_5arrayIiLm3EEELj3EEENS_14default_deleteIS6_EEE7releaseB8ne180100Ev	48	static
main.cpp:248:_ZNSt3__110unique_ptrIN3cgx9parameter16unique_parameterINS_5arrayIiLm3EEELj3EEENS_14default_deleteIS6_EEE11get_deleterB8ne180100Ev	32	static
main.cpp:61:_ZNSt3__114default_deleteIN3cgx9parameter18unique_parameter_iEEC1B8ne180100INS2_16unique_parameterINS_5arrayIiLm3EEELj3EEELi0EEERKNS0_IT_EE	48	static
main.cpp:129:_ZNSt3__117__compressed_pairIPN3cgx9parameter16unique_parameterINS_5arrayIiLm3EEELj3EEENS_14default_deleteIS6_EEE5firstB8ne180100Ev	32	static
main.cpp:63:_ZNSt3__122__compressed_pair_elemIPN3cgx9parameter16unique_parameterINS_5arrayIiLm3EEELj3EEELi0ELb0EE5__getB8ne180100Ev	16	static
main.cpp:137:_ZNSt3__117__compressed_pairIPN3cgx9parameter16unique_parameterINS_5arrayIiLm3EEELj3EEENS_14default_deleteIS6_EEE6secondB8ne180100Ev	32	static
main.cpp:92:_ZNSt3__122__compressed_pair_elemINS_14default_deleteIN3cgx9parameter16unique_parameterINS_5arrayIiLm3EEELj3EEEEELi1ELb1EE5__getB8ne180100Ev	16	static
main.cpp:61:_ZNSt3__114default_deleteIN3cgx9parameter18unique_parameter_iEEC2B8ne180100INS2_16unique_parameterINS_5arrayIiLm3EEELj3EEELi0EEERKNS0_IT_EE	16	static
main.cpp:236:_ZNSt3__110unique_ptrIN3cgx9parameter16unique_parameterINS_5arrayIiLm3EEELj3EEENS_14default_deleteIS6_EEED2B8ne180100Ev	32	static
main.cpp:262:_ZNSt3__110unique_ptrIN3cgx9parameter16unique_parameterINS_5arrayIiLm3EEELj3EEENS_14default_deleteIS6_EEE5resetB8ne180100EPS6_	64	static
main.cpp:63:_ZNKSt3__114default_deleteIN3cgx9parameter16unique_parameterINS_5arrayIiLm3EEELj3EEEEclB8ne180100EPS6_	48	static
main.cpp:263:_ZN3cgx9parameter21unique_parameter_list3addILj4ENSt3__15arrayI11custom_typeLm20EEEEERDaRKT0_	64	static
main.cpp:596:_ZNSt3__111make_uniqueB8ne180100IN3cgx9parameter16unique_parameterINS_5arrayI11custom_typeLm20EEELj4EEEJRKS6_EEENS_11__unique_ifIT_E15__unique_singleEDpOT0_	64	static
main.cpp:216:_ZNSt3__110unique_ptrIN3cgx9parameter18unique_parameter_iENS_14default_deleteIS3_EEEaSB8ne180100INS2_16unique_parameterINS_5arrayI11custom_typeLm20EEELj4EEENS4_ISC_EEvvEERS6_ONS0_IT_T0_EE	48	static
main.cpp:236:_ZNSt3__110unique_ptrIN3cgx9parameter16unique_parameterINS_5arrayI11custom_typeLm20EEELj4EEENS_14default_deleteIS7_EEED1B8ne180100Ev	32	static
main.cpp:214:_ZN3cgx9parameter16unique_parameterINSt3__15arrayI11custom_typeLm20EEELj4EEC1ERKS5_	64	static
main.cpp:174:_ZNSt3__110unique_ptrIN3cgx9parameter16unique_parameterINS_5arrayI11custom_typeLm20EEELj4EEENS_14default_deleteIS7_EEEC1B8ne180100ILb1EvEEPS7_	48	static
main.cpp:109:_ZN3cgx9parameter9parameterINSt3__15arrayI11custom_typeLm20EEEEC2ERKS5_	64	static
main.cpp:112:_ZN3cgx9parameter9parameterINSt3__15arrayI11custom_typeLm20EEEED1Ev	32	static
main.cpp:112:_ZN3cgx9parameter9parameterINSt3__15arrayI11custom_typeLm20EEEED0Ev	32	static
main.cpp:114:_ZN3cgx9parameter9parameterINSt3__15arrayI11custom_typeLm20EEEE9set_bytesEPKhm	32	static
main.cpp:124:_ZNK3cgx9parameter9parameterINSt3__15arrayI11custom_typeLm20EEEE9get_bytesEPhm	32	static
main.cpp:134:_ZNK3cgx9parameter9parameterINSt3__15arrayI11custom_typeLm20EEEE7to_charEPcm	96	static
main.cpp:194:_ZN3cgx9parameter9parameterINSt3__15arrayI11custom_typeLm20EEEE5resetEv	32	static
main.cpp:112:_ZTv0_n24_N3cgx9parameter9parameterINSt3__15arrayI11custom_typeLm20EEEED1Ev	16	static
main.cpp:112:_ZTv0_n24_N3cgx9parameter9parameterINSt3__15arrayI11custom_typeLm20EEEED0Ev	16	static
main.cpp:114:_ZTv0_n32_N3cgx9parameter9parameterINSt3__15arrayI11custom_typeLm20EEEE9set_bytesEPKhm	32	static
main.cpp:124:_ZTv0_n40_NK3cgx9parameter9parameterINSt3__15arrayI11custom_typeLm20EEEE9get_bytesEPhm	32	static
main.cpp:134:_ZTv0_n48_NK3cgx9parameter9parameterINSt3__15arrayI11custom_typeLm20EEEE7to_charEPcm	32	static
main.cpp:194:_ZTv0_n56_N3cgx9parameter9parameterINSt3__15arrayI11custom_typeLm20EEEE5resetEv	16	static
main.cpp:216:_ZN3cgx9parameter16unique_parameterINSt3__15arrayI11custom_typeLm20EEELj4EED1Ev	32	static
main.cpp:216:_ZN3cgx9parameter16unique_parameterINSt3__15arrayI11custom_typeLm20EEELj4EED0Ev	32	static
main.cpp:223:_ZNK3cgx9parameter16unique_parameterINSt3__15arrayI11custom_typeLm20EEELj4EE3uidEv	16	static
main.cpp:227:_ZNK3cgx9parameter16unique_parameterINSt3__15arrayI11custom_typeLm20EEELj4EE7to_charEPcm	288	static
main.cpp:216:_ZThn8_N3cgx9parameter16unique_parameterINSt3__15arrayI11custom_typeLm20EEELj4EED1Ev	16	static
main.cpp:216:_ZThn8_N3cgx9parameter16unique_parameterINSt3__15arrayI11custom_typeLm20EEELj4EED0Ev	16	static
main.cpp:227:_ZThn8_NK3cgx9parameter16unique_parameterINSt3__15arrayI11custom_typeLm20EEELj4EE7to_charEPcm	32	static
main.cpp:216:_ZTv0_n24_N3cgx9parameter16unique_parameterINSt3__15arrayI11custom_typeLm20EEELj4EED1Ev	16	static
main.cpp:216:_ZTv0_n24_N3cgx9parameter16unique_parameterINSt3__15arrayI11custom_typeLm20EEELj4EED0Ev	16	static
main.cpp:227:_ZTv0_n48_NK3cgx9parameter16unique_parameterINSt3__15arrayI11custom_typeLm20EEELj4EE7to_charEPcm	32	static
main.cpp:237:_ZNKSt3__15arrayI11custom_typeLm20EEixB8ne180100Em	16	static
main.cpp:168:_ZNSt3__15arrayIN3cgx9parameter9parameterI11custom_typeEELm20EEC1Ev	32	static
main.cpp:168:_ZNSt3__15arrayIN3cgx9parameter9parameterI11custom_typeEELm20EED1Ev	32	static
main.cpp:168:_ZNSt3__15arrayIN3cgx9parameter9parameterI11custom_typeEELm20EEC2Ev	64	static
main.cpp:31:_ZN3cgx9parameter9parameterI11custom_typeEC1Ev	32	static
main.cpp:168:_ZNSt3__15arrayIN3cgx9parameter9parameterI11custom_typeEELm20EED2Ev	64	static
main.cpp:112:_ZN3cgx9parameter9parameterINSt3__15arrayI11custom_typeLm20EEEED2Ev	48	static
main.cpp:237:_ZNKSt3__15arrayIN3cgx9parameter9parameterI11custom_typeEELm20EEixB8ne180100Em	16	static
main.cpp:184:_ZN3cgx9parameter9parameterINSt3__15arrayI11custom_typeLm20EEEE9set_valueERKS4_	64	static
main.cpp:233:_ZNSt3__15arrayIN3cgx9parameter9parameterI11custom_typeEELm20EEixB8ne180100Em	16	static
main.cpp:216:_ZN3cgx9parameter16unique_parameterINSt3__15arrayI11custom_typeLm20EEELj4EED2Ev	48	static
main.cpp:174:_ZNSt3__110unique_ptrIN3cgx9parameter16unique_parameterINS_5arrayI11custom_typeLm20EEELj4EEENS_14default_deleteIS7_EEEC2B8ne180100ILb1EvEEPS7_	48	static
main.cpp:118:_ZNSt3__117__compressed_pairIPN3cgx9parameter16unique_parameterINS_5arrayI11custom_typeLm20EEELj4EEENS_14default_deleteIS7_EEEC1B8ne180100IRS8_NS_16__value_init_tagEEEOT_OT0_	48	static
main.cpp:118:_ZNSt3__117__compressed_pairIPN3cgx9parameter16unique_parameterINS_5arrayI11custom_typeLm20EEELj4EEENS_14default_deleteIS7_EEEC2B8ne180100IRS8_NS_16__value_init_tagEEEOT_OT0_	64	static
main.cpp:53:_ZNSt3__122__compressed_pair_elemIPN3cgx9parameter16unique_parameterINS_5arrayI11custom_typeLm20EEELj4EEELi0ELb0EEC2B8ne180100IRS8_vEEOT_	16	static
main.cpp:79:_ZNSt3__122__compressed_pair_elemINS_14default_deleteIN3cgx9parameter16unique_parameterINS_5arrayI11custom_typeLm20EEELj4EEEEELi1ELb1EEC2B8ne180100ENS_16__value_init_tagE	16	static
main.cpp:256:_ZNSt3__110unique_ptrIN3cgx9parameter16unique_parameterINS_5arrayI11custom_typeLm20EEELj4EEENS_14default_deleteIS7_EEE7releaseB8ne180100Ev	48	static
main.cpp:248:_ZNSt3__110unique_ptrIN3cgx9parameter16unique_parameterINS_5arrayI11custom_typeLm20EEELj4EEENS_14default_deleteIS7_EEE11get_deleterB8ne180100Ev	32	static
main.cpp:61:_ZNSt3__114default_deleteIN3cgx9parameter18unique_parameter_iEEC1B8ne180100INS2_16unique_parameterINS_5arrayI11custom_typeLm20EEELj4EEELi0EEERKNS0_IT_EE	48	static
main.cpp:129:_ZNSt3__117__compressed_pairIPN3cgx9parameter16unique_parameterINS_5arrayI11custom_typeLm20EEELj4EEENS_14default_deleteIS7_EEE5firstB8ne180100Ev	32	static
main.cpp:63:_ZNSt3__122__compressed_pair_elemIPN3cgx9parameter16unique_parameterINS_5arrayI11custom_typeLm20EEELj4EEELi0ELb0EE5__getB8ne180100Ev	16	static
main.cpp:137:_ZNSt3__117__compressed_pairIPN3cgx9parameter16unique_parameterINS_5arrayI11custom_typeLm20EEELj4EEENS_14default_deleteIS7_EEE6secondB8ne180100Ev	32	static
main.cpp:92:_ZNSt3__122__compressed_pair_elemINS_14default_deleteIN3cgx9parameter16unique_parameterINS_5arrayI11custom_typeLm20EEELj4EEEEELi1ELb1EE5__getB8ne180100Ev	16	static
main.cpp:61:_ZNSt3__114default_deleteIN3cgx9parameter18unique_parameter_iEEC2B8ne180100INS2_16unique_parameterINS_5arrayI11custom_typeLm20EEELj4EEELi0EEERKNS0_IT_EE	16	static
main.cpp:236:_ZNSt3__110unique_ptrIN3cgx9parameter16unique_parameterINS_5arrayI11custom_typeLm20EEELj4EEENS_14default_deleteIS7_EEED2B8ne180100Ev	32	static
main.cpp:262:_ZNSt3__110unique_ptrIN3cgx9parameter16unique_parameterINS_5arrayI11custom_typeLm20EEELj4EEENS_14default_deleteIS7_EEE5resetB8ne180100EPS7_	64	static
main.cpp:63:_ZNKSt3__114default_deleteIN3cgx9parameter16unique_parameterINS_5arrayI11custom_typeLm20EEELj4EEEEclB8ne180100EPS7_	48	static
main.cpp:196:_ZNSt3__15arrayINS_10unique_ptrIN3cgx9parameter18unique_parameter_iENS_14default_deleteIS4_EEEELm32EE5beginB8ne180100Ev	32	static
main.cpp:200:_ZNSt3__15arrayINS_10unique_ptrIN3cgx9parameter18unique_parameter_iENS_14default_deleteIS4_EEEELm32EE3endB8ne180100Ev	32	static
main.cpp:252:_ZNKSt3__110unique_ptrIN3cgx9parameter18unique_parameter_iENS_14default_deleteIS3_EEEcvbB8ne180100Ev	32	static
main.cpp:246:_ZNKSt3__110unique_ptrIN3cgx9parameter18unique_parameter_iENS_14default_deleteIS3_EEEptB8ne180100Ev	32	static
main.cpp:261:_ZNSt3__15arrayINS_10unique_ptrIN3cgx9parameter18unique_parameter_iENS_14default_deleteIS4_EEEELm32EE4dataB8ne180100Ev	16	static
main.cpp:249:_ZN3cgx9parameter21unique_parameter_listD2Ev	32	static
main.cpp:168:_ZNSt3__15arrayINS_10unique_ptrIN3cgx9parameter18unique_parameter_iENS_14default_deleteIS4_EEEELm32EED1Ev	32	static
main.cpp:168:_ZNSt3__15arrayINS_10unique_ptrIN3cgx9parameter18unique_parameter_iENS_14default_deleteIS4_EEEELm32EED2Ev	64	static
main.cpp:236:_ZNSt3__110unique_ptrIN3cgx9parameter18unique_parameter_iENS_14default_deleteIS3_EEED1B8ne180100Ev	32	static
main.cpp:236:_ZNSt3__110unique_ptrIN3cgx9parameter18unique_parameter_iENS_14default_deleteIS3_EEED2B8ne180100Ev	32	static
main.cpp:667:_ZNSt3__124__put_character_sequenceB8ne180100IcNS_11char_traitsIcEEEERNS_13basic_ostreamIT_T0_EES7_PKS4_m	160	static
main.cpp:226:_ZNSt3__111char_traitsIcE6lengthB8ne180100EPKc	32	static
main.cpp:309:_ZNKSt3__113basic_ostreamIcNS_11char_traitsIcEEE6sentrycvbB8ne180100Ev	16	static
main.cpp:1240:_ZNSt3__116__pad_and_outputB8ne180100IcNS_11char_traitsIcEEEENS_19ostreambuf_iteratorIT_T0_EES6_PKS4_S8_S8_RNS_8ios_baseES4_	160	static
main.cpp:53:_ZNSt3__119ostreambuf_iteratorIcNS_11char_traitsIcEEEC1B8ne180100ERNS_13basic_ostreamIcS2_EE	48	static
main.cpp:455:_ZNKSt3__18ios_base5flagsB8ne180100Ev	16	static
main.cpp:650:_ZNKSt3__19basic_iosIcNS_11char_traitsIcEEE4fillB8ne180100Ev	32	static
main.cpp:63:_ZNKSt3__119ostreambuf_iteratorIcNS_11char_traitsIcEEE6failedB8ne180100Ev	16	static
main.cpp:544:_ZNSt3__19basic_iosIcNS_11char_traitsIcEEE8setstateB8ne180100Ej	32	static
main.cpp:490:_ZNKSt3__18ios_base5widthB8ne180100Ev	16	static
main.cpp:218:_ZNSt3__115basic_streambufIcNS_11char_traitsIcEEE5sputnB8ne180100EPKcl	48	static
main.cpp:981:_ZNSt3__112basic_stringIcNS_11char_traitsIcEENS_9allocatorIcEEEC1B8ne180100Emc	48	static
main.cpp:1600:_ZNSt3__112basic_stringIcNS_11char_traitsIcEENS_9allocatorIcEEE4dataB8ne180100Ev	32	static
main.cpp:492:_ZNSt3__18ios_base5widthB8ne180100El	32	static
main.cpp:981:_ZNSt3__112basic_stringIcNS_11char_traitsIcEENS_9allocatorIcEEEC2B8ne180100Emc	48	static
main.cpp:118:_ZNSt3__117__compressed_pairINS_12basic_stringIcNS_11char_traitsIcEENS_9allocatorIcEEE5__repES5_EC1B8ne180100INS_18__default_init_tagESA_EEOT_OT0_	48	static
main.cpp:118:_ZNSt3__117__compressed_pairINS_12basic_stringIcNS_11char_traitsIcEENS_9allocatorIcEEE5__repES5_EC2B8ne180100INS_18__default_init_tagESA_EEOT_OT0_	64	static
main.cpp:49:_ZNSt3__122__compressed_pair_elemINS_12basic_stringIcNS_11char_traitsIcEENS_9allocatorIcEEE5__repELi0ELb0EEC2B8ne180100ENS_18__default_init_tagE	16	static
main.cpp:78:_ZNSt3__122__compressed_pair_elemINS_9allocatorIcEELi1ELb1EEC2B8ne180100ENS_18__default_init_tagE	48	static
main.cpp:114:_ZNSt3__19allocatorIcEC2B8ne180100Ev	32	static
main.cpp:93:_ZNSt3__116__non_trivial_ifILb1ENS_9allocatorIcEEEC2B8ne180100Ev	16	static
main.cpp:180:_ZNSt3__112__to_addressB8ne180100IcEEPT_S2_	16	static
main.cpp:1879:_ZNSt3__112basic_stringIcNS_11char_traitsIcEENS_9allocatorIcEEE13__get_pointerB8ne180100Ev	48	static
main.cpp:1769:_ZNKSt3__112basic_stringIcNS_11char_traitsIcEENS_9allocatorIcEEE9__is_longB8ne180100Ev	32	static
main.cpp:1867:_ZNSt3__112basic_stringIcNS_11char_traitsIcEENS_9allocatorIcEEE18__get_long_pointerB8ne180100Ev	32	static
main.cpp:1873:_ZNSt3__112basic_stringIcNS_11char_traitsIcEENS_9allocatorIcEEE19__get_short_pointerB8ne180100Ev	32	static
main.cpp:133:_ZNKSt3__117__compressed_pairINS_12basic_stringIcNS_11char_traitsIcEENS_9allocatorIcEEE5__repES5_E5firstB8ne180100Ev	32	static
main.cpp:64:_ZNKSt3__122__compressed_pair_elemINS_12basic_stringIcNS_11char_traitsIcEENS_9allocatorIcEEE5__repELi0ELb0EE5__getB8ne180100Ev	16	static
main.cpp:129:_ZNSt3__117__compressed_pairINS_12basic_stringIcNS_11char_traitsIcEENS_9allocatorIcEEE5__repES5_E5firstB8ne180100Ev	32	static
main.cpp:63:_ZNSt3__122__compressed_pair_elemINS_12basic_stringIcNS_11char_traitsIcEENS_9allocatorIcEEE5__repELi0ELb0EE5__getB8ne180100Ev	16	static
main.cpp:161:_ZNSt3__114pointer_traitsIPcE10pointer_toB8ne180100ERc	16	static
main.cpp:53:_ZNSt3__119ostreambuf_iteratorIcNS_11char_traitsIcEEEC2B8ne180100ERNS_13basic_ostreamIcS2_EE	48	static
main.cpp:618:_ZNKSt3__19basic_iosIcNS_11char_traitsIcEEE5rdbufB8ne180100Ev	32	static
main.cpp:367:_ZNKSt3__18ios_base5rdbufB8ne180100Ev	16	static
main.cpp:265:_ZNSt3__111char_traitsIcE11eq_int_typeB8ne180100Eii	16	static
main.cpp:268:_ZNSt3__111char_traitsIcE3eofB8ne180100Ev	0	static
main.cpp:645:_ZNKSt3__19basic_iosIcNS_11char_traitsIcEEE5widenB8ne180100Ec	80	static
main.cpp:189:_ZNSt3__19use_facetB8ne180100INS_5ctypeIcEEEERKT_RKNS_6localeE	32	static
main.cpp:587:_ZNKSt3__15ctypeIcE5widenB8ne180100Ec	32	static
main.cpp:502:_ZNSt3__18ios_base8setstateB8ne180100Ej	32	static
main.cpp:38:_ZNSt3__118__constexpr_strlenB8ne180100EPKc	32	static
main.cpp:197:_ZNKSt3__15arrayINS_10unique_ptrIN3cgx9parameter18unique_parameter_iENS_14default_deleteIS4_EEEELm32EE5beginB8ne180100Ev	32	static
main.cpp:201:_ZNKSt3__15arrayINS_10unique_ptrIN3cgx9parameter18unique_parameter_iENS_14default_deleteIS4_EEEELm32EE3endB8ne180100Ev	32	static
main.cpp:262:_ZNKSt3__15arrayINS_10unique_ptrIN3cgx9parameter18unique_parameter_iENS_14default_deleteIS4_EEEELm32EE4dataB8ne180100Ev	16	static
